RAM Allocation [bytes]
Variable                                                                          Address   Size
------------------------------------------------------------------------------------------------
pulse_enable                                                                      0x0260       2
_base_y                                                                           0x0262       4

EEPROM Allocation [bytes]
Variable                                                                          Address   Size
------------------------------------------------------------------------------------------------

Register Allocation
Variable                                                                          Register  Size
------------------------------------------------------------------------------------------------
cnt                                                                               R4,R5        2
_lcd_x                                                                            R7           1
_lcd_y                                                                            R6           1
_lcd_maxx                                                                         R9           1

FLASH Allocation [words]
Function                                                                          Address   Size
------------------------------------------------------------------------------------------------
ext_int0_isr                                                                      0x00076     28
timer1_compa_isr                                                                  0x00092     32
main                                                                              0x000B2     98
put_buff_G100                                                                     0x00114     64
_print_G100                                                                       0x00154    308
sprintf                                                                           0x00288     52
_lcd_write_nibble_G101                                                            0x002BC     20
_lcd_write_data                                                                   0x002D0     12
lcd_gotoxy                                                                        0x002DC     13
lcd_clear                                                                         0x002E9     12
lcd_putchar                                                                       0x002F5     21
lcd_puts                                                                          0x0030A     17
lcd_init                                                                          0x0031B     45
strlen                                                                            0x00348     12
strlenf                                                                           0x00354     13
